$ git init
Initialized empty Git repository in /home/santhosh/projects/Git/.git/

$ git status
On branch main

No commits yet

Untracked files:
  (use "git add <file>..." to include in what will be committed)
	task-1/

nothing added to commit but untracked files present (use "git add" to track)

$ git add .

$ git commit -m "Added commands to initialize git repository, add files to staging area and commit"

$ git branch basic-branching

$ git checkout basic-branching
Switched to branch 'basic-branching'