## Using a pre-commit hook to prevent .env file from being commited ##
## The pre-commit script is added to the .git/hooks folder ##
## A copy of the script is kept in this folder for reference ##

$ git status -u
On branch main
Your branch is up to date with 'origin/main'.

Untracked files:
  (use "git add <file>..." to include in what will be committed)
	.env
	README.md
	pre-commit

nothing added to commit but untracked files present (use "git add" to track)

## Trying to commit all untracked files ##
$ git add .

$ git commit -m "Task-8 added readme"
ERROR: Do not commit .env files!

## Unstaging the .env file and trying again ##
$ git restore --staged .env

$ git status -u
On branch main
Your branch is up to date with 'origin/main'.

Changes to be committed:
  (use "git restore --staged <file>..." to unstage)
	new file:   README.md
	new file:   pre-commit

Untracked files:
  (use "git add <file>..." to include in what will be committed)
	.env

$ git commit -m "Task-8 added readme"
[main e2cf47e] Task-8 added readme
 2 files changed, 27 insertions(+)
 create mode 100644 task-8/README.md
 create mode 100755 task-8/pre-commit